<body>
<header>
	<h1 id="logo">Gulp SVG Sprites</h1>

	<p>These are the <strong>2 icons</strong> contained in your icon kit, along with their CSS class
		names.</p>
</header>
<section>
	<nav>Icon type: <a href="">SVG Sprite</a></nav>
	<ul>
		<li title=".facebook">
			<div class="icon-box">
				<div class="icon facebook"></div>
			</div>
			<h2>.facebook</h2>
		</li>
		<li title=".unicorn">
			<div class="icon-box">
				<div class="icon unicorn"></div>
			</div>
			<h2>.unicorn</h2>
		</li>
	</ul>
</section>
<footer>
	<p>Generated by <a href="https://github.com/shakyshane/gulp-svg-sprites">Gulp Svg Sprites</a> -
		Preview page courtesy of <a href="http://iconizr.com" target="_blank">iconizr</a>.</p>
</footer>
</body>
</html>