<!DOCTYPE html>
<html>
<head>
	<meta http-equiv="Content-Type" content="text/html; charset=UTF-8"/>
	<meta http-equiv="cache-control" content="max-age=0"/>
	<meta http-equiv="cache-control" content="no-cache"/>
	<meta http-equiv="expires" content="0"/>
	<meta http-equiv="expires" content="Tue, 01 Jan 1980 1:00:00 GMT"/>
	<meta http-equiv="pragma" content="no-cache"/>
	<title>Icon kit preview | gulp-svg-sprites</title>
	<link href="css/sprite-template.css" rel="stylesheet" type="text/css" media="all"/>
	<style type="text/css">@CHARSET "UTF-8";

	</style>
</head>
<body>
<header>
	<h1 id="logo">Gulp SVG Sprites</h1>

	<p>These are the <strong>2 icons</strong> contained in your icon kit, along with their CSS class
		names.</p>
</header>
<section>
	<nav>Icon type: <a href="">SVG Sprite</a></nav>
	<ul>
		<li title=".svg-facebook-icon">
			<div class="icon-box">
				<div class="icon svg-facebook-icon"></div>
			</div>
			<h2>.svg-facebook-icon</h2>
		</li>
		<li title=".svg-unicorn-icon">
			<div class="icon-box">
				<div class="icon svg-unicorn-icon"></div>
			</div>
			<h2>.svg-unicorn-icon</h2>
		</li>
	</ul>
</section>
<footer>
	<p>Generated by <a href="https://github.com/shakyshane/gulp-svg-sprites">Gulp Svg Sprites</a> -
		Preview page courtesy of <a href="http://iconizr.com" target="_blank">iconizr</a>.</p>
</footer>
</body>
</html>